hello from C++. arg: 42, a: 1, b: 2
goodbye from C++. arg: 84, x: 1337
